// Vitest Snapshot v1, https://vitest.dev/guide/snapshot.html

exports[`backstage.vue > 渲染結果應與快照一致 1`] = `
"<!-- 最外層：左右排版 -->
<div style="display: flex; min-height: 100vh;">
  <!-- 左邊的側邊欄 -->
  <backstageheader></backstageheader><!-- 右邊的區塊 (包含內容與 Footer)：上下排版 -->
  <div style="flex: 1 1 0%; display: flex; flex-direction: column;">
    <!-- 主要內容區塊 -->
    <main style="flex: 1 1 0%; padding: 20px;">
      <!-- 後台頁面的內容會塞在這裡 -->
    </main><!-- Footer 放在右邊區塊的最下面 -->
    <footer style="text-align: center; padding: 10px; background: rgb(245, 245, 245);">
      <p> 2026 My Nuxt Demo </p>
    </footer>
  </div>
</div>"
`;
