// Vitest Snapshot v1, https://vitest.dev/guide/snapshot.html

exports[`default.vue > 渲染結果應與快照一致 1`] = `
"<div data-v-ac9cdbe0="" class="layout-default">
  <appheader data-v-ac9cdbe0=""></appheader>
  <main data-v-ac9cdbe0="" class="container"></main>
  <footer data-v-ac9cdbe0="" class="app-footer">
    <p data-v-ac9cdbe0="">© 2026 Nuxt Fullstack Demo</p>
  </footer>
</div>"
`;
