// Vitest Snapshot v1, https://vitest.dev/guide/snapshot.html

exports[`index.vue > 渲染結果應與快照一致 1`] = `
"<div data-v-b926e423="">
  <h2 data-v-b926e423="">歡迎來到後台總覽</h2>
  <p data-v-b926e423="">這裡只有登入後才能看到。</p>
  <div data-v-b926e423="" class="stats-grid">
    <div data-v-b926e423="" class="card">
      <h3 data-v-b926e423="">用戶數</h3>
      <p data-v-b926e423="">99+</p>
    </div>
    <div data-v-b926e423="" class="card">
      <h3 data-v-b926e423="">今日瀏覽</h3>
      <p data-v-b926e423="">1,234</p>
    </div>
  </div>
</div>"
`;
