// Vitest Snapshot v1, https://vitest.dev/guide/snapshot.html

exports[`error.vue > 渲染結果應與快照一致 1`] = `
"<div data-v-fa4da55a="" class="error-container">
  <div data-v-fa4da55a="" class="error-card">
    <div data-v-fa4da55a="" class="error-icon"><span data-v-fa4da55a="">⚠️</span></div>
    <h1 data-v-fa4da55a="" class="error-title">系統發生錯誤</h1>
    <p data-v-fa4da55a="" class="error-message">別擔心，這不是你的錯，我們會盡快修復。</p>
    <div data-v-fa4da55a="" class="error-details"><code data-v-fa4da55a="">Status: </code></div><button data-v-fa4da55a="" class="home-btn"> 回到首頁 </button>
  </div>
</div>"
`;
